
 RUN  v3.2.4 /Users/jellerienstra/DEV/logo-font/app

stderr | ../tests/utils/fonts.test.ts
[nuxt] error caught during app initialization TypeError: Cannot read properties of undefined (reading 'preference')
    at [90m/Users/jellerienstra/DEV/logo-font/[39mnode_modules/[4m@nuxtjs[24m/color-mode/dist/runtime/plugin.client.js:19:24
    at useState [90m(/Users/jellerienstra/DEV/logo-font/[39mnode_modules/[4mnuxt[24m/dist/app/composables/state.js:21:26[90m)[39m
    at [90m/Users/jellerienstra/DEV/logo-font/[39mnode_modules/[4m@nuxtjs[24m/color-mode/dist/runtime/plugin.client.js:17:29
    at [90m/Users/jellerienstra/DEV/logo-font/[39mnode_modules/[4mnuxt[24m/dist/app/nuxt.js:138:60
    at fn [90m(/Users/jellerienstra/DEV/logo-font/[39mnode_modules/[4mnuxt[24m/dist/app/nuxt.js:220:44[90m)[39m
    at Object.runWithContext [90m(/Users/jellerienstra/DEV/logo-font/[39mnode_modules/[4m@vue[24m/runtime-core/dist/runtime-core.cjs.js:4218:18[90m)[39m
    at callWithNuxt [90m(/Users/jellerienstra/DEV/logo-font/[39mnode_modules/[4mnuxt[24m/dist/app/nuxt.js:226:24[90m)[39m
    at [90m/Users/jellerienstra/DEV/logo-font/[39mnode_modules/[4mnuxt[24m/dist/app/nuxt.js:37:41
    at EffectScope.run [90m(/Users/jellerienstra/DEV/logo-font/[39mnode_modules/[4m@vue[24m/reactivity/dist/reactivity.cjs.js:85:16[90m)[39m
    at Object.runWithContext [90m(/Users/jellerienstra/DEV/logo-font/[39mnode_modules/[4mnuxt[24m/dist/app/nuxt.js:37:31[90m)[39m

stderr | ../tests/composables/useKeyboardShortcuts.test.ts
[nuxt] error caught during app initialization TypeError: Cannot read properties of undefined (reading 'preference')
    at [90m/Users/jellerienstra/DEV/logo-font/[39mnode_modules/[4m@nuxtjs[24m/color-mode/dist/runtime/plugin.client.js:19:24
    at useState [90m(/Users/jellerienstra/DEV/logo-font/[39mnode_modules/[4mnuxt[24m/dist/app/composables/state.js:21:26[90m)[39m
    at [90m/Users/jellerienstra/DEV/logo-font/[39mnode_modules/[4m@nuxtjs[24m/color-mode/dist/runtime/plugin.client.js:17:29
    at [90m/Users/jellerienstra/DEV/logo-font/[39mnode_modules/[4mnuxt[24m/dist/app/nuxt.js:138:60
    at fn [90m(/Users/jellerienstra/DEV/logo-font/[39mnode_modules/[4mnuxt[24m/dist/app/nuxt.js:220:44[90m)[39m
    at Object.runWithContext [90m(/Users/jellerienstra/DEV/logo-font/[39mnode_modules/[4m@vue[24m/runtime-core/dist/runtime-core.cjs.js:4218:18[90m)[39m
    at callWithNuxt [90m(/Users/jellerienstra/DEV/logo-font/[39mnode_modules/[4mnuxt[24m/dist/app/nuxt.js:226:24[90m)[39m
    at [90m/Users/jellerienstra/DEV/logo-font/[39mnode_modules/[4mnuxt[24m/dist/app/nuxt.js:37:41
    at EffectScope.run [90m(/Users/jellerienstra/DEV/logo-font/[39mnode_modules/[4m@vue[24m/reactivity/dist/reactivity.cjs.js:85:16[90m)[39m
    at Object.runWithContext [90m(/Users/jellerienstra/DEV/logo-font/[39mnode_modules/[4mnuxt[24m/dist/app/nuxt.js:37:31[90m)[39m

stderr | ../tests/components/PreviewArea.test.ts
[nuxt] error caught during app initialization TypeError: Cannot read properties of undefined (reading 'preference')
    at [90m/Users/jellerienstra/DEV/logo-font/[39mnode_modules/[4m@nuxtjs[24m/color-mode/dist/runtime/plugin.client.js:19:24
    at useState [90m(/Users/jellerienstra/DEV/logo-font/[39mnode_modules/[4mnuxt[24m/dist/app/composables/state.js:21:26[90m)[39m
    at [90m/Users/jellerienstra/DEV/logo-font/[39mnode_modules/[4m@nuxtjs[24m/color-mode/dist/runtime/plugin.client.js:17:29
    at [90m/Users/jellerienstra/DEV/logo-font/[39mnode_modules/[4mnuxt[24m/dist/app/nuxt.js:138:60
    at fn [90m(/Users/jellerienstra/DEV/logo-font/[39mnode_modules/[4mnuxt[24m/dist/app/nuxt.js:220:44[90m)[39m
    at Object.runWithContext [90m(/Users/jellerienstra/DEV/logo-font/[39mnode_modules/[4m@vue[24m/runtime-core/dist/runtime-core.cjs.js:4218:18[90m)[39m
    at callWithNuxt [90m(/Users/jellerienstra/DEV/logo-font/[39mnode_modules/[4mnuxt[24m/dist/app/nuxt.js:226:24[90m)[39m
    at [90m/Users/jellerienstra/DEV/logo-font/[39mnode_modules/[4mnuxt[24m/dist/app/nuxt.js:37:41
    at EffectScope.run [90m(/Users/jellerienstra/DEV/logo-font/[39mnode_modules/[4m@vue[24m/reactivity/dist/reactivity.cjs.js:85:16[90m)[39m
    at Object.runWithContext [90m(/Users/jellerienstra/DEV/logo-font/[39mnode_modules/[4mnuxt[24m/dist/app/nuxt.js:37:31[90m)[39m

stderr | ../tests/components/FontControls.test.ts
[nuxt] error caught during app initialization TypeError: Cannot read properties of undefined (reading 'preference')
    at [90m/Users/jellerienstra/DEV/logo-font/[39mnode_modules/[4m@nuxtjs[24m/color-mode/dist/runtime/plugin.client.js:19:24
    at useState [90m(/Users/jellerienstra/DEV/logo-font/[39mnode_modules/[4mnuxt[24m/dist/app/composables/state.js:21:26[90m)[39m
    at [90m/Users/jellerienstra/DEV/logo-font/[39mnode_modules/[4m@nuxtjs[24m/color-mode/dist/runtime/plugin.client.js:17:29
    at [90m/Users/jellerienstra/DEV/logo-font/[39mnode_modules/[4mnuxt[24m/dist/app/nuxt.js:138:60
    at fn [90m(/Users/jellerienstra/DEV/logo-font/[39mnode_modules/[4mnuxt[24m/dist/app/nuxt.js:220:44[90m)[39m
    at Object.runWithContext [90m(/Users/jellerienstra/DEV/logo-font/[39mnode_modules/[4m@vue[24m/runtime-core/dist/runtime-core.cjs.js:4218:18[90m)[39m
    at callWithNuxt [90m(/Users/jellerienstra/DEV/logo-font/[39mnode_modules/[4mnuxt[24m/dist/app/nuxt.js:226:24[90m)[39m
    at [90m/Users/jellerienstra/DEV/logo-font/[39mnode_modules/[4mnuxt[24m/dist/app/nuxt.js:37:41
    at EffectScope.run [90m(/Users/jellerienstra/DEV/logo-font/[39mnode_modules/[4m@vue[24m/reactivity/dist/reactivity.cjs.js:85:16[90m)[39m
    at Object.runWithContext [90m(/Users/jellerienstra/DEV/logo-font/[39mnode_modules/[4mnuxt[24m/dist/app/nuxt.js:37:31[90m)[39m

stderr | ../tests/components/SavedMatches.test.ts
[nuxt] error caught during app initialization TypeError: Cannot read properties of undefined (reading 'preference')
    at [90m/Users/jellerienstra/DEV/logo-font/[39mnode_modules/[4m@nuxtjs[24m/color-mode/dist/runtime/plugin.client.js:19:24
    at useState [90m(/Users/jellerienstra/DEV/logo-font/[39mnode_modules/[4mnuxt[24m/dist/app/composables/state.js:21:26[90m)[39m
    at [90m/Users/jellerienstra/DEV/logo-font/[39mnode_modules/[4m@nuxtjs[24m/color-mode/dist/runtime/plugin.client.js:17:29
    at [90m/Users/jellerienstra/DEV/logo-font/[39mnode_modules/[4mnuxt[24m/dist/app/nuxt.js:138:60
    at fn [90m(/Users/jellerienstra/DEV/logo-font/[39mnode_modules/[4mnuxt[24m/dist/app/nuxt.js:220:44[90m)[39m
    at Object.runWithContext [90m(/Users/jellerienstra/DEV/logo-font/[39mnode_modules/[4m@vue[24m/runtime-core/dist/runtime-core.cjs.js:4218:18[90m)[39m
    at callWithNuxt [90m(/Users/jellerienstra/DEV/logo-font/[39mnode_modules/[4mnuxt[24m/dist/app/nuxt.js:226:24[90m)[39m
    at [90m/Users/jellerienstra/DEV/logo-font/[39mnode_modules/[4mnuxt[24m/dist/app/nuxt.js:37:41
    at EffectScope.run [90m(/Users/jellerienstra/DEV/logo-font/[39mnode_modules/[4m@vue[24m/reactivity/dist/reactivity.cjs.js:85:16[90m)[39m
    at Object.runWithContext [90m(/Users/jellerienstra/DEV/logo-font/[39mnode_modules/[4mnuxt[24m/dist/app/nuxt.js:37:31[90m)[39m

stderr | ../tests/components/FontSelector.test.ts
[nuxt] error caught during app initialization TypeError: Cannot read properties of undefined (reading 'preference')
    at [90m/Users/jellerienstra/DEV/logo-font/[39mnode_modules/[4m@nuxtjs[24m/color-mode/dist/runtime/plugin.client.js:19:24
    at useState [90m(/Users/jellerienstra/DEV/logo-font/[39mnode_modules/[4mnuxt[24m/dist/app/composables/state.js:21:26[90m)[39m
    at [90m/Users/jellerienstra/DEV/logo-font/[39mnode_modules/[4m@nuxtjs[24m/color-mode/dist/runtime/plugin.client.js:17:29
    at [90m/Users/jellerienstra/DEV/logo-font/[39mnode_modules/[4mnuxt[24m/dist/app/nuxt.js:138:60
    at fn [90m(/Users/jellerienstra/DEV/logo-font/[39mnode_modules/[4mnuxt[24m/dist/app/nuxt.js:220:44[90m)[39m
    at Object.runWithContext [90m(/Users/jellerienstra/DEV/logo-font/[39mnode_modules/[4m@vue[24m/runtime-core/dist/runtime-core.cjs.js:4218:18[90m)[39m
    at callWithNuxt [90m(/Users/jellerienstra/DEV/logo-font/[39mnode_modules/[4mnuxt[24m/dist/app/nuxt.js:226:24[90m)[39m
    at [90m/Users/jellerienstra/DEV/logo-font/[39mnode_modules/[4mnuxt[24m/dist/app/nuxt.js:37:41
    at EffectScope.run [90m(/Users/jellerienstra/DEV/logo-font/[39mnode_modules/[4m@vue[24m/reactivity/dist/reactivity.cjs.js:85:16[90m)[39m
    at Object.runWithContext [90m(/Users/jellerienstra/DEV/logo-font/[39mnode_modules/[4mnuxt[24m/dist/app/nuxt.js:37:31[90m)[39m

stderr | ../tests/composables/useGoogleFonts.test.ts
[nuxt] error caught during app initialization TypeError: Cannot read properties of undefined (reading 'preference')
    at [90m/Users/jellerienstra/DEV/logo-font/[39mnode_modules/[4m@nuxtjs[24m/color-mode/dist/runtime/plugin.client.js:19:24
    at useState [90m(/Users/jellerienstra/DEV/logo-font/[39mnode_modules/[4mnuxt[24m/dist/app/composables/state.js:21:26[90m)[39m
    at [90m/Users/jellerienstra/DEV/logo-font/[39mnode_modules/[4m@nuxtjs[24m/color-mode/dist/runtime/plugin.client.js:17:29
    at [90m/Users/jellerienstra/DEV/logo-font/[39mnode_modules/[4mnuxt[24m/dist/app/nuxt.js:138:60
    at fn [90m(/Users/jellerienstra/DEV/logo-font/[39mnode_modules/[4mnuxt[24m/dist/app/nuxt.js:220:44[90m)[39m
    at Object.runWithContext [90m(/Users/jellerienstra/DEV/logo-font/[39mnode_modules/[4m@vue[24m/runtime-core/dist/runtime-core.cjs.js:4218:18[90m)[39m
    at callWithNuxt [90m(/Users/jellerienstra/DEV/logo-font/[39mnode_modules/[4mnuxt[24m/dist/app/nuxt.js:226:24[90m)[39m
    at [90m/Users/jellerienstra/DEV/logo-font/[39mnode_modules/[4mnuxt[24m/dist/app/nuxt.js:37:41
    at EffectScope.run [90m(/Users/jellerienstra/DEV/logo-font/[39mnode_modules/[4m@vue[24m/reactivity/dist/reactivity.cjs.js:85:16[90m)[39m
    at Object.runWithContext [90m(/Users/jellerienstra/DEV/logo-font/[39mnode_modules/[4mnuxt[24m/dist/app/nuxt.js:37:31[90m)[39m

 ✓ |nuxt| ../tests/utils/fonts.test.ts > utils/fonts > should export font categories 1ms
 ✓ |nuxt| ../tests/utils/fonts.test.ts > utils/fonts > getAllFonts should return an array of font names 1ms
 ✓ |nuxt| ../tests/utils/fonts.test.ts > utils/fonts > getFontCategory should return correct category for known font 0ms
 ✓ |nuxt| ../tests/utils/fonts.test.ts > utils/fonts > getFontCategory should return null for unknown font 0ms
 ✓ |nuxt| ../tests/composables/useGoogleFonts.test.ts > useGoogleFonts > should initialize with default state 1ms
 ✓ |nuxt| ../tests/composables/useGoogleFonts.test.ts > useGoogleFonts > loadFont should create link element 1ms
 ✓ |nuxt| ../tests/composables/useGoogleFonts.test.ts > useGoogleFonts > loadFont should remove existing link if present 0ms
 ✓ |nuxt| ../tests/composables/useGoogleFonts.test.ts > useGoogleFonts > selectRandomFont should update selectedFont 0ms
 ✓ |nuxt| ../tests/composables/useGoogleFonts.test.ts > useGoogleFonts > filteredFontCategories should update based on selectedCategories 0ms
 ✓ |nuxt| ../tests/composables/useGoogleFonts.test.ts > useGoogleFonts > loadInstalledFonts should update fontCategories 0ms
 ✓ |nuxt| ../tests/composables/useGoogleFonts.test.ts > useGoogleFonts > selectRandomFont should respect category filter 0ms
 ✓ |nuxt| ../tests/composables/useKeyboardShortcuts.test.ts > useKeyboardShortcuts > should attach event listener on mount 12ms
 ✓ |nuxt| ../tests/composables/useKeyboardShortcuts.test.ts > useKeyboardShortcuts > should execute handler when shortcut matches 1ms
 ✓ |nuxt| ../tests/composables/useKeyboardShortcuts.test.ts > useKeyboardShortcuts > should respect preventDefault 1ms
 ✓ |nuxt| ../tests/components/PreviewArea.test.ts > PreviewArea > renders text with correct styles 15ms
 ✓ |nuxt| ../tests/components/PreviewArea.test.ts > PreviewArea > renders logo when provided 7ms
 × |nuxt| ../tests/components/PreviewArea.test.ts > PreviewArea > renders font info 9ms
   → expected 'Add Logo Company NameFontRoboto(Sans …' to contain 'Font: Roboto'
 × |nuxt| ../tests/components/PreviewArea.test.ts > PreviewArea > applies correct background classes based on prop 6ms
   → expected false to be true // Object.is equality
 ✓ |nuxt| ../tests/components/SavedMatches.test.ts > SavedMatches > renders saved matches 17ms
 × |nuxt| ../tests/components/SavedMatches.test.ts > SavedMatches > emits back event when back button is clicked 6ms
   → expected undefined to be truthy
 × |nuxt| ../tests/components/SavedMatches.test.ts > SavedMatches > calls removeMatch when delete button is clicked 7ms
   → Cannot call trigger on an empty DOMWrapper.
stderr | ../tests/utils/svg.test.ts
[nuxt] error caught during app initialization TypeError: Cannot read properties of undefined (reading 'preference')
    at [90m/Users/jellerienstra/DEV/logo-font/[39mnode_modules/[4m@nuxtjs[24m/color-mode/dist/runtime/plugin.client.js:19:24
    at useState [90m(/Users/jellerienstra/DEV/logo-font/[39mnode_modules/[4mnuxt[24m/dist/app/composables/state.js:21:26[90m)[39m
    at [90m/Users/jellerienstra/DEV/logo-font/[39mnode_modules/[4m@nuxtjs[24m/color-mode/dist/runtime/plugin.client.js:17:29
    at [90m/Users/jellerienstra/DEV/logo-font/[39mnode_modules/[4mnuxt[24m/dist/app/nuxt.js:138:60
    at fn [90m(/Users/jellerienstra/DEV/logo-font/[39mnode_modules/[4mnuxt[24m/dist/app/nuxt.js:220:44[90m)[39m
    at Object.runWithContext [90m(/Users/jellerienstra/DEV/logo-font/[39mnode_modules/[4m@vue[24m/runtime-core/dist/runtime-core.cjs.js:4218:18[90m)[39m
    at callWithNuxt [90m(/Users/jellerienstra/DEV/logo-font/[39mnode_modules/[4mnuxt[24m/dist/app/nuxt.js:226:24[90m)[39m
    at [90m/Users/jellerienstra/DEV/logo-font/[39mnode_modules/[4mnuxt[24m/dist/app/nuxt.js:37:41
    at EffectScope.run [90m(/Users/jellerienstra/DEV/logo-font/[39mnode_modules/[4m@vue[24m/reactivity/dist/reactivity.cjs.js:85:16[90m)[39m
    at Object.runWithContext [90m(/Users/jellerienstra/DEV/logo-font/[39mnode_modules/[4mnuxt[24m/dist/app/nuxt.js:37:31[90m)[39m

stderr | ../tests/composables/useLogoUpload.test.ts
[nuxt] error caught during app initialization TypeError: Cannot read properties of undefined (reading 'preference')
    at [90m/Users/jellerienstra/DEV/logo-font/[39mnode_modules/[4m@nuxtjs[24m/color-mode/dist/runtime/plugin.client.js:19:24
    at useState [90m(/Users/jellerienstra/DEV/logo-font/[39mnode_modules/[4mnuxt[24m/dist/app/composables/state.js:21:26[90m)[39m
    at [90m/Users/jellerienstra/DEV/logo-font/[39mnode_modules/[4m@nuxtjs[24m/color-mode/dist/runtime/plugin.client.js:17:29
    at [90m/Users/jellerienstra/DEV/logo-font/[39mnode_modules/[4mnuxt[24m/dist/app/nuxt.js:138:60
    at fn [90m(/Users/jellerienstra/DEV/logo-font/[39mnode_modules/[4mnuxt[24m/dist/app/nuxt.js:220:44[90m)[39m
    at Object.runWithContext [90m(/Users/jellerienstra/DEV/logo-font/[39mnode_modules/[4m@vue[24m/runtime-core/dist/runtime-core.cjs.js:4218:18[90m)[39m
    at callWithNuxt [90m(/Users/jellerienstra/DEV/logo-font/[39mnode_modules/[4mnuxt[24m/dist/app/nuxt.js:226:24[90m)[39m
    at [90m/Users/jellerienstra/DEV/logo-font/[39mnode_modules/[4mnuxt[24m/dist/app/nuxt.js:37:41
    at EffectScope.run [90m(/Users/jellerienstra/DEV/logo-font/[39mnode_modules/[4m@vue[24m/reactivity/dist/reactivity.cjs.js:85:16[90m)[39m
    at Object.runWithContext [90m(/Users/jellerienstra/DEV/logo-font/[39mnode_modules/[4mnuxt[24m/dist/app/nuxt.js:37:31[90m)[39m

 ✓ |happy-dom| ../tests/components/PreviewArea.test.ts > PreviewArea > renders text with correct styles 14ms
 ✓ |happy-dom| ../tests/components/PreviewArea.test.ts > PreviewArea > renders logo when provided 4ms
 × |happy-dom| ../tests/components/PreviewArea.test.ts > PreviewArea > renders font info 9ms
   → expected 'Add Logo Company NameFontRoboto(Sans …' to contain 'Font: Roboto'
 × |happy-dom| ../tests/components/PreviewArea.test.ts > PreviewArea > applies correct background classes based on prop 12ms
   → expected false to be true // Object.is equality
 ✓ |happy-dom| ../tests/components/SavedMatches.test.ts > SavedMatches > renders saved matches 40ms
 × |happy-dom| ../tests/components/SavedMatches.test.ts > SavedMatches > emits back event when back button is clicked 13ms
   → expected undefined to be truthy
 × |happy-dom| ../tests/components/SavedMatches.test.ts > SavedMatches > calls removeMatch when delete button is clicked 4ms
   → Cannot call trigger on an empty DOMWrapper.
 ✓ |nuxt| ../tests/utils/svg.test.ts > svg utils > extractSvgContent > returns null for non-SVG data URLs 1ms
 ✓ |nuxt| ../tests/utils/svg.test.ts > svg utils > extractSvgContent > returns null for invalid URLs 0ms
 ✓ |nuxt| ../tests/utils/svg.test.ts > svg utils > extractSvgContent > extracts content from base64-encoded SVG 1ms
 ✓ |nuxt| ../tests/utils/svg.test.ts > svg utils > extractSvgContent > extracts content from URL-encoded SVG 1ms
 ✓ |nuxt| ../tests/utils/svg.test.ts > svg utils > escapeXml > escapes ampersands 0ms
 ✓ |nuxt| ../tests/utils/svg.test.ts > svg utils > escapeXml > escapes angle brackets 0ms
 ✓ |nuxt| ../tests/utils/svg.test.ts > svg utils > escapeXml > escapes quotes 0ms
 ✓ |nuxt| ../tests/utils/svg.test.ts > svg utils > escapeXml > leaves normal text unchanged 0ms
 ✓ |nuxt| ../tests/utils/svg.test.ts > svg utils > generateSvg > generates valid SVG structure 0ms
 ✓ |nuxt| ../tests/utils/svg.test.ts > svg utils > generateSvg > includes font import 0ms
 ✓ |nuxt| ../tests/utils/svg.test.ts > svg utils > generateSvg > includes text element with correct styling 0ms
 ✓ |nuxt| ../tests/utils/svg.test.ts > svg utils > generateSvg > does not include logo elements when no logo provided 0ms
 ✓ |nuxt| ../tests/utils/svg.test.ts > svg utils > generateSvg > includes image element for raster logo 0ms
 ✓ |nuxt| ../tests/utils/svg.test.ts > svg utils > generateSvg > inlines SVG logo content as group 0ms
 ✓ |nuxt| ../tests/composables/useLogoUpload.test.ts > useLogoUpload > handleFileSelect should read file and update model 5ms
 ✓ |nuxt| ../tests/composables/useLogoUpload.test.ts > useLogoUpload > handleDrop should process dropped file 1ms
stderr | ../tests/composables/useMatches.test.ts
[nuxt] error caught during app initialization TypeError: Cannot read properties of undefined (reading 'preference')
    at [90m/Users/jellerienstra/DEV/logo-font/[39mnode_modules/[4m@nuxtjs[24m/color-mode/dist/runtime/plugin.client.js:19:24
    at useState [90m(/Users/jellerienstra/DEV/logo-font/[39mnode_modules/[4mnuxt[24m/dist/app/composables/state.js:21:26[90m)[39m
    at [90m/Users/jellerienstra/DEV/logo-font/[39mnode_modules/[4m@nuxtjs[24m/color-mode/dist/runtime/plugin.client.js:17:29
    at [90m/Users/jellerienstra/DEV/logo-font/[39mnode_modules/[4mnuxt[24m/dist/app/nuxt.js:138:60
    at fn [90m(/Users/jellerienstra/DEV/logo-font/[39mnode_modules/[4mnuxt[24m/dist/app/nuxt.js:220:44[90m)[39m
    at Object.runWithContext [90m(/Users/jellerienstra/DEV/logo-font/[39mnode_modules/[4m@vue[24m/runtime-core/dist/runtime-core.cjs.js:4218:18[90m)[39m
    at callWithNuxt [90m(/Users/jellerienstra/DEV/logo-font/[39mnode_modules/[4mnuxt[24m/dist/app/nuxt.js:226:24[90m)[39m
    at [90m/Users/jellerienstra/DEV/logo-font/[39mnode_modules/[4mnuxt[24m/dist/app/nuxt.js:37:41
    at EffectScope.run [90m(/Users/jellerienstra/DEV/logo-font/[39mnode_modules/[4m@vue[24m/reactivity/dist/reactivity.cjs.js:85:16[90m)[39m
    at Object.runWithContext [90m(/Users/jellerienstra/DEV/logo-font/[39mnode_modules/[4mnuxt[24m/dist/app/nuxt.js:37:31[90m)[39m

 ✓ |nuxt| ../tests/composables/useMatches.test.ts > useMatches > should save a match 1ms
 ✓ |nuxt| ../tests/composables/useMatches.test.ts > useMatches > should remove a match 0ms
 ✓ |happy-dom| ../tests/composables/useLogoUpload.test.ts > useLogoUpload > handleFileSelect should read file and update model 5ms
 ✓ |happy-dom| ../tests/composables/useLogoUpload.test.ts > useLogoUpload > handleDrop should process dropped file 1ms
 ✓ |happy-dom| ../tests/utils/svg.test.ts > svg utils > extractSvgContent > returns null for non-SVG data URLs 1ms
 ✓ |happy-dom| ../tests/utils/svg.test.ts > svg utils > extractSvgContent > returns null for invalid URLs 0ms
 ✓ |happy-dom| ../tests/utils/svg.test.ts > svg utils > extractSvgContent > extracts content from base64-encoded SVG 2ms
 ✓ |happy-dom| ../tests/utils/svg.test.ts > svg utils > extractSvgContent > extracts content from URL-encoded SVG 1ms
 ✓ |happy-dom| ../tests/utils/svg.test.ts > svg utils > escapeXml > escapes ampersands 0ms
 ✓ |happy-dom| ../tests/utils/svg.test.ts > svg utils > escapeXml > escapes angle brackets 0ms
 ✓ |happy-dom| ../tests/utils/svg.test.ts > svg utils > escapeXml > escapes quotes 0ms
 ✓ |happy-dom| ../tests/utils/svg.test.ts > svg utils > escapeXml > leaves normal text unchanged 0ms
 ✓ |happy-dom| ../tests/utils/svg.test.ts > svg utils > generateSvg > generates valid SVG structure 0ms
 ✓ |happy-dom| ../tests/utils/svg.test.ts > svg utils > generateSvg > includes font import 1ms
 ✓ |happy-dom| ../tests/utils/svg.test.ts > svg utils > generateSvg > includes text element with correct styling 0ms
 ✓ |happy-dom| ../tests/utils/svg.test.ts > svg utils > generateSvg > does not include logo elements when no logo provided 0ms
 ✓ |happy-dom| ../tests/utils/svg.test.ts > svg utils > generateSvg > includes image element for raster logo 0ms
 ✓ |happy-dom| ../tests/utils/svg.test.ts > svg utils > generateSvg > inlines SVG logo content as group 0ms
 ✓ |happy-dom| ../tests/composables/useKeyboardShortcuts.test.ts > useKeyboardShortcuts > should attach event listener on mount 12ms
 ✓ |happy-dom| ../tests/composables/useKeyboardShortcuts.test.ts > useKeyboardShortcuts > should execute handler when shortcut matches 5ms
 ✓ |happy-dom| ../tests/composables/useKeyboardShortcuts.test.ts > useKeyboardShortcuts > should respect preventDefault 5ms
 ✓ |happy-dom| ../tests/utils/fonts.test.ts > utils/fonts > should export font categories 1ms
 ✓ |happy-dom| ../tests/utils/fonts.test.ts > utils/fonts > getAllFonts should return an array of font names 1ms
 ✓ |happy-dom| ../tests/utils/fonts.test.ts > utils/fonts > getFontCategory should return correct category for known font 0ms
 ✓ |happy-dom| ../tests/utils/fonts.test.ts > utils/fonts > getFontCategory should return null for unknown font 0ms
 ✓ |happy-dom| ../tests/composables/useMatches.test.ts > useMatches > should save a match 2ms
 ✓ |happy-dom| ../tests/composables/useMatches.test.ts > useMatches > should remove a match 1ms
 ✓ |happy-dom| ../tests/composables/useGoogleFonts.test.ts > useGoogleFonts > should initialize with default state 2ms
 ✓ |happy-dom| ../tests/composables/useGoogleFonts.test.ts > useGoogleFonts > loadFont should create link element 1ms
 ✓ |happy-dom| ../tests/composables/useGoogleFonts.test.ts > useGoogleFonts > loadFont should remove existing link if present 0ms
 ✓ |happy-dom| ../tests/composables/useGoogleFonts.test.ts > useGoogleFonts > selectRandomFont should update selectedFont 1ms
 ✓ |happy-dom| ../tests/composables/useGoogleFonts.test.ts > useGoogleFonts > filteredFontCategories should update based on selectedCategories 0ms
 ✓ |happy-dom| ../tests/composables/useGoogleFonts.test.ts > useGoogleFonts > loadInstalledFonts should update fontCategories 1ms
 ✓ |happy-dom| ../tests/composables/useGoogleFonts.test.ts > useGoogleFonts > selectRandomFont should respect category filter 1ms

⎯⎯⎯⎯⎯⎯ Failed Suites 4 ⎯⎯⎯⎯⎯⎯⎯

 FAIL  |happy-dom| ../tests/components/FontControls.test.ts [ ../tests/components/FontControls.test.ts ]
Error: Failed to resolve import "~/components/FontControls.vue" from "tests/components/FontControls.test.ts". Does the file exist?
  Plugin: vite:import-analysis
  File: /Users/jellerienstra/DEV/logo-font/tests/components/FontControls.test.ts:3:25
  1  |  import { describe, it, expect, beforeEach } from "vitest";
  2  |  import { mount } from "@vue/test-utils";
  3  |  import FontControls from "~/components/FontControls.vue";
     |                            ^
  4  |  describe("FontControls", () => {
  5  |    let wrapper;
 ❯ TransformPluginContext._formatLog ../node_modules/vite/dist/node/chunks/config.js:28998:43
 ❯ TransformPluginContext.error ../node_modules/vite/dist/node/chunks/config.js:28995:14
 ❯ normalizeUrl ../node_modules/vite/dist/node/chunks/config.js:27118:18
 ❯ ../node_modules/vite/dist/node/chunks/config.js:27176:32
 ❯ TransformPluginContext.transform ../node_modules/vite/dist/node/chunks/config.js:27144:4
 ❯ EnvironmentPluginContainer.transform ../node_modules/vite/dist/node/chunks/config.js:28796:14
 ❯ loadAndTransform ../node_modules/vite/dist/node/chunks/config.js:22669:26

⎯⎯⎯⎯⎯⎯⎯⎯⎯⎯⎯⎯⎯⎯⎯⎯⎯⎯⎯⎯⎯⎯⎯[1/12]⎯

 FAIL  |happy-dom| ../tests/components/FontSelector.test.ts [ ../tests/components/FontSelector.test.ts ]
Error: Failed to resolve import "~/components/FontSelector.vue" from "tests/components/FontSelector.test.ts". Does the file exist?
  Plugin: vite:import-analysis
  File: /Users/jellerienstra/DEV/logo-font/tests/components/FontSelector.test.ts:3:25
  1  |  import { describe, it, expect, beforeEach } from "vitest";
  2  |  import { mount } from "@vue/test-utils";
  3  |  import FontSelector from "~/components/FontSelector.vue";
     |                            ^
  4  |  describe("FontSelector", () => {
  5  |    let wrapper;
 ❯ TransformPluginContext._formatLog ../node_modules/vite/dist/node/chunks/config.js:28998:43
 ❯ TransformPluginContext.error ../node_modules/vite/dist/node/chunks/config.js:28995:14
 ❯ normalizeUrl ../node_modules/vite/dist/node/chunks/config.js:27118:18
 ❯ ../node_modules/vite/dist/node/chunks/config.js:27176:32
 ❯ TransformPluginContext.transform ../node_modules/vite/dist/node/chunks/config.js:27144:4
 ❯ EnvironmentPluginContainer.transform ../node_modules/vite/dist/node/chunks/config.js:28796:14
 ❯ loadAndTransform ../node_modules/vite/dist/node/chunks/config.js:22669:26

⎯⎯⎯⎯⎯⎯⎯⎯⎯⎯⎯⎯⎯⎯⎯⎯⎯⎯⎯⎯⎯⎯⎯[2/12]⎯

 FAIL  |nuxt| ../tests/components/FontControls.test.ts [ ../tests/components/FontControls.test.ts ]
Error: Failed to resolve import "~/components/FontControls.vue" from "tests/components/FontControls.test.ts". Does the file exist?
  Plugin: vite:import-analysis
  File: /Users/jellerienstra/DEV/logo-font/tests/components/FontControls.test.ts:3:25
  1  |  import { describe, it, expect, beforeEach } from "vitest";
  2  |  import { mount } from "@vue/test-utils";
  3  |  import FontControls from "~/components/FontControls.vue";
     |                            ^
  4  |  describe("FontControls", () => {
  5  |    let wrapper;
 ❯ TransformPluginContext._formatLog ../node_modules/vite/dist/node/chunks/config.js:28998:43
 ❯ TransformPluginContext.error ../node_modules/vite/dist/node/chunks/config.js:28995:14
 ❯ normalizeUrl ../node_modules/vite/dist/node/chunks/config.js:27118:18
 ❯ ../node_modules/vite/dist/node/chunks/config.js:27176:32
 ❯ TransformPluginContext.transform ../node_modules/vite/dist/node/chunks/config.js:27144:4
 ❯ EnvironmentPluginContainer.transform ../node_modules/vite/dist/node/chunks/config.js:28796:14
 ❯ loadAndTransform ../node_modules/vite/dist/node/chunks/config.js:22669:26

⎯⎯⎯⎯⎯⎯⎯⎯⎯⎯⎯⎯⎯⎯⎯⎯⎯⎯⎯⎯⎯⎯⎯[3/12]⎯

 FAIL  |nuxt| ../tests/components/FontSelector.test.ts [ ../tests/components/FontSelector.test.ts ]
Error: Failed to resolve import "~/components/FontSelector.vue" from "tests/components/FontSelector.test.ts". Does the file exist?
  Plugin: vite:import-analysis
  File: /Users/jellerienstra/DEV/logo-font/tests/components/FontSelector.test.ts:3:25
  1  |  import { describe, it, expect, beforeEach } from "vitest";
  2  |  import { mount } from "@vue/test-utils";
  3  |  import FontSelector from "~/components/FontSelector.vue";
     |                            ^
  4  |  describe("FontSelector", () => {
  5  |    let wrapper;
 ❯ TransformPluginContext._formatLog ../node_modules/vite/dist/node/chunks/config.js:28998:43
 ❯ TransformPluginContext.error ../node_modules/vite/dist/node/chunks/config.js:28995:14
 ❯ normalizeUrl ../node_modules/vite/dist/node/chunks/config.js:27118:18
 ❯ ../node_modules/vite/dist/node/chunks/config.js:27176:32
 ❯ TransformPluginContext.transform ../node_modules/vite/dist/node/chunks/config.js:27144:4
 ❯ EnvironmentPluginContainer.transform ../node_modules/vite/dist/node/chunks/config.js:28796:14
 ❯ loadAndTransform ../node_modules/vite/dist/node/chunks/config.js:22669:26

⎯⎯⎯⎯⎯⎯⎯⎯⎯⎯⎯⎯⎯⎯⎯⎯⎯⎯⎯⎯⎯⎯⎯[4/12]⎯


⎯⎯⎯⎯⎯⎯⎯ Failed Tests 8 ⎯⎯⎯⎯⎯⎯⎯

 FAIL  |happy-dom| ../tests/components/PreviewArea.test.ts > PreviewArea > renders font info
AssertionError: expected 'Add Logo Company NameFontRoboto(Sans …' to contain 'Font: Roboto'

Expected: [32m"Font[7m: [27mRoboto"[39m
Received: [31m"[7mAdd Logo Company Name[27mFontRoboto[7m(Sans Serif)[27m"[39m

 ❯ ../tests/components/PreviewArea.test.ts:44:28
     42| 
     43|   it('renders font info', () => {
     44|     expect(wrapper.text()).toContain('Font: Roboto')
       |                            ^
     45|     expect(wrapper.text()).toContain('(Sans Serif)')
     46|   })

⎯⎯⎯⎯⎯⎯⎯⎯⎯⎯⎯⎯⎯⎯⎯⎯⎯⎯⎯⎯⎯⎯⎯[5/12]⎯

 FAIL  |happy-dom| ../tests/components/PreviewArea.test.ts > PreviewArea > applies correct background classes based on prop
AssertionError: expected false to be true // Object.is equality

[32m- Expected[39m
[31m+ Received[39m

[32m- true[39m
[31m+ false[39m

 ❯ ../tests/components/PreviewArea.test.ts:55:52
     53|     // Dark mode
     54|     await wrapper.setProps({ previewBg: 'black' })
     55|     expect(wrapper.find('.bg-slate-900').exists()).toBe(true)
       |                                                    ^
     56|     expect(wrapper.find('.bg-white').exists()).toBe(false)
     57|   })

⎯⎯⎯⎯⎯⎯⎯⎯⎯⎯⎯⎯⎯⎯⎯⎯⎯⎯⎯⎯⎯⎯⎯[6/12]⎯

 FAIL  |happy-dom| ../tests/components/SavedMatches.test.ts > SavedMatches > emits back event when back button is clicked
AssertionError: expected undefined to be truthy

[32m- Expected:[39m 
true

[31m+ Received:[39m 
undefined

 ❯ ../tests/components/SavedMatches.test.ts:63:37
     61| 
     62|     await wrapper.find('button').trigger('click')
     63|     expect(wrapper.emitted('back')).toBeTruthy()
       |                                     ^
     64|   })
     65|   

⎯⎯⎯⎯⎯⎯⎯⎯⎯⎯⎯⎯⎯⎯⎯⎯⎯⎯⎯⎯⎯⎯⎯[7/12]⎯

 FAIL  |happy-dom| ../tests/components/SavedMatches.test.ts > SavedMatches > calls removeMatch when delete button is clicked
Error: Cannot call trigger on an empty DOMWrapper.
 ❯ Object.get ../node_modules/@vue/test-utils/dist/vue-test-utils.cjs.js:1574:27
    1572|                     return function () { return false; };
    1573|                 default:
    1574|                     throw new Error("Cannot call ".concat(String(prop)…
       |                           ^
    1575|             }
    1576|         }
 ❯ ../tests/components/SavedMatches.test.ts:78:23

⎯⎯⎯⎯⎯⎯⎯⎯⎯⎯⎯⎯⎯⎯⎯⎯⎯⎯⎯⎯⎯⎯⎯[8/12]⎯

 FAIL  |nuxt| ../tests/components/PreviewArea.test.ts > PreviewArea > renders font info
AssertionError: expected 'Add Logo Company NameFontRoboto(Sans …' to contain 'Font: Roboto'

Expected: [32m"Font[7m: [27mRoboto"[39m
Received: [31m"[7mAdd Logo Company Name[27mFontRoboto[7m(Sans Serif)[27m"[39m

 ❯ ../tests/components/PreviewArea.test.ts:44:28
     42| 
     43|   it('renders font info', () => {
     44|     expect(wrapper.text()).toContain('Font: Roboto')
       |                            ^
     45|     expect(wrapper.text()).toContain('(Sans Serif)')
     46|   })

⎯⎯⎯⎯⎯⎯⎯⎯⎯⎯⎯⎯⎯⎯⎯⎯⎯⎯⎯⎯⎯⎯⎯[9/12]⎯

 FAIL  |nuxt| ../tests/components/PreviewArea.test.ts > PreviewArea > applies correct background classes based on prop
AssertionError: expected false to be true // Object.is equality

[32m- Expected[39m
[31m+ Received[39m

[32m- true[39m
[31m+ false[39m

 ❯ ../tests/components/PreviewArea.test.ts:55:52
     53|     // Dark mode
     54|     await wrapper.setProps({ previewBg: 'black' })
     55|     expect(wrapper.find('.bg-slate-900').exists()).toBe(true)
       |                                                    ^
     56|     expect(wrapper.find('.bg-white').exists()).toBe(false)
     57|   })

⎯⎯⎯⎯⎯⎯⎯⎯⎯⎯⎯⎯⎯⎯⎯⎯⎯⎯⎯⎯⎯⎯[10/12]⎯

 FAIL  |nuxt| ../tests/components/SavedMatches.test.ts > SavedMatches > emits back event when back button is clicked
AssertionError: expected undefined to be truthy

[32m- Expected:[39m 
true

[31m+ Received:[39m 
undefined

 ❯ ../tests/components/SavedMatches.test.ts:63:37
     61| 
     62|     await wrapper.find('button').trigger('click')
     63|     expect(wrapper.emitted('back')).toBeTruthy()
       |                                     ^
     64|   })
     65|   

⎯⎯⎯⎯⎯⎯⎯⎯⎯⎯⎯⎯⎯⎯⎯⎯⎯⎯⎯⎯⎯⎯[11/12]⎯

 FAIL  |nuxt| ../tests/components/SavedMatches.test.ts > SavedMatches > calls removeMatch when delete button is clicked
Error: Cannot call trigger on an empty DOMWrapper.
 ❯ Object.get ../node_modules/@vue/test-utils/dist/vue-test-utils.cjs.js:1574:27
    1572|                     return function () { return false; };
    1573|                 default:
    1574|                     throw new Error("Cannot call ".concat(String(prop)…
       |                           ^
    1575|             }
    1576|         }
 ❯ ../tests/components/SavedMatches.test.ts:78:23

⎯⎯⎯⎯⎯⎯⎯⎯⎯⎯⎯⎯⎯⎯⎯⎯⎯⎯⎯⎯⎯⎯[12/12]⎯


 Test Files  8 failed | 12 passed (20)
      Tests  8 failed | 70 passed (78)
   Start at  23:13:11
   Duration  2.32s (transform 796ms, setup 3.65s, collect 1.38s, tests 256ms, environment 4.41s, prepare 2.47s)

